Archive member included to satisfy reference by file (symbol)

c:/nxp/s32ds_arm_v2.2/s32ds/build_tools/gcc_v6.3/gcc-6.3-arm32-eabi/bin/../lib/gcc/arm-none-eabi/6.3.1/thumb/v7e-m/fpv4-sp/hard\libgcc.a(_aeabi_uldivmod.o)
                              ./SDK/rtos/osif/osif_freertos.o (__aeabi_uldivmod)
c:/nxp/s32ds_arm_v2.2/s32ds/build_tools/gcc_v6.3/gcc-6.3-arm32-eabi/bin/../lib/gcc/arm-none-eabi/6.3.1/thumb/v7e-m/fpv4-sp/hard\libgcc.a(_udivmoddi4.o)
                              c:/nxp/s32ds_arm_v2.2/s32ds/build_tools/gcc_v6.3/gcc-6.3-arm32-eabi/bin/../lib/gcc/arm-none-eabi/6.3.1/thumb/v7e-m/fpv4-sp/hard\libgcc.a(_aeabi_uldivmod.o) (__udivmoddi4)
c:/nxp/s32ds_arm_v2.2/s32ds/build_tools/gcc_v6.3/gcc-6.3-arm32-eabi/bin/../lib/gcc/arm-none-eabi/6.3.1/thumb/v7e-m/fpv4-sp/hard\libgcc.a(_dvmd_tls.o)
                              c:/nxp/s32ds_arm_v2.2/s32ds/build_tools/gcc_v6.3/gcc-6.3-arm32-eabi/bin/../lib/gcc/arm-none-eabi/6.3.1/thumb/v7e-m/fpv4-sp/hard\libgcc.a(_aeabi_uldivmod.o) (__aeabi_ldiv0)
C:/NXP/S32DS_ARM_v2.2/S32DS/build_tools/gcc_v6.3/gcc-6.3-arm32-eabi/arm-none-eabi/newlib/lib/thumb/v7e-m/fpv4-sp/hard\libc_nano.a(lib_a-exit.o)
                              C:/NXP/S32DS_ARM_v2.2/S32DS/build_tools/gcc_v6.3/gcc-6.3-arm32-eabi/arm-none-eabi/newlib/lib/thumb/v7e-m/fpv4-sp/hard/crt0.o (exit)
C:/NXP/S32DS_ARM_v2.2/S32DS/build_tools/gcc_v6.3/gcc-6.3-arm32-eabi/arm-none-eabi/newlib/lib/thumb/v7e-m/fpv4-sp/hard\libc_nano.a(lib_a-impure.o)
                              C:/NXP/S32DS_ARM_v2.2/S32DS/build_tools/gcc_v6.3/gcc-6.3-arm32-eabi/arm-none-eabi/newlib/lib/thumb/v7e-m/fpv4-sp/hard\libc_nano.a(lib_a-exit.o) (_global_impure_ptr)
C:/NXP/S32DS_ARM_v2.2/S32DS/build_tools/gcc_v6.3/gcc-6.3-arm32-eabi/arm-none-eabi/newlib/lib/thumb/v7e-m/fpv4-sp/hard\libc_nano.a(lib_a-init.o)
                              C:/NXP/S32DS_ARM_v2.2/S32DS/build_tools/gcc_v6.3/gcc-6.3-arm32-eabi/arm-none-eabi/newlib/lib/thumb/v7e-m/fpv4-sp/hard/crt0.o (__libc_init_array)
C:/NXP/S32DS_ARM_v2.2/S32DS/build_tools/gcc_v6.3/gcc-6.3-arm32-eabi/arm-none-eabi/newlib/lib/thumb/v7e-m/fpv4-sp/hard\libc_nano.a(lib_a-memcpy-stub.o)
                              ./SDK/rtos/FreeRTOS_S32K/Source/queue.o (memcpy)
C:/NXP/S32DS_ARM_v2.2/S32DS/build_tools/gcc_v6.3/gcc-6.3-arm32-eabi/arm-none-eabi/newlib/lib/thumb/v7e-m/fpv4-sp/hard\libc_nano.a(lib_a-memset.o)
                              C:/NXP/S32DS_ARM_v2.2/S32DS/build_tools/gcc_v6.3/gcc-6.3-arm32-eabi/arm-none-eabi/newlib/lib/thumb/v7e-m/fpv4-sp/hard/crt0.o (memset)
C:/NXP/S32DS_ARM_v2.2/S32DS/build_tools/gcc_v6.3/gcc-6.3-arm32-eabi/arm-none-eabi/newlib/lib/thumb/v7e-m/fpv4-sp/hard\libc_nano.a(lib_a-strlen.o)
                              ./SDK/rtos/FreeRTOS_S32K/Source/tasks.o (strlen)
C:/NXP/S32DS_ARM_v2.2/S32DS/build_tools/gcc_v6.3/gcc-6.3-arm32-eabi/arm-none-eabi/newlib/lib/thumb/v7e-m/fpv4-sp/hard\libnosys.a(_exit.o)
                              C:/NXP/S32DS_ARM_v2.2/S32DS/build_tools/gcc_v6.3/gcc-6.3-arm32-eabi/arm-none-eabi/newlib/lib/thumb/v7e-m/fpv4-sp/hard\libc_nano.a(lib_a-exit.o) (_exit)

Discarded input sections

 .text          0x00000000        0x0 c:/nxp/s32ds_arm_v2.2/s32ds/build_tools/gcc_v6.3/gcc-6.3-arm32-eabi/bin/../lib/gcc/arm-none-eabi/6.3.1/thumb/v7e-m/fpv4-sp/hard/crti.o
 .data          0x00000000        0x0 c:/nxp/s32ds_arm_v2.2/s32ds/build_tools/gcc_v6.3/gcc-6.3-arm32-eabi/bin/../lib/gcc/arm-none-eabi/6.3.1/thumb/v7e-m/fpv4-sp/hard/crti.o
 .bss           0x00000000        0x0 c:/nxp/s32ds_arm_v2.2/s32ds/build_tools/gcc_v6.3/gcc-6.3-arm32-eabi/bin/../lib/gcc/arm-none-eabi/6.3.1/thumb/v7e-m/fpv4-sp/hard/crti.o
 .text          0x00000000       0xa4 c:/nxp/s32ds_arm_v2.2/s32ds/build_tools/gcc_v6.3/gcc-6.3-arm32-eabi/bin/../lib/gcc/arm-none-eabi/6.3.1/thumb/v7e-m/fpv4-sp/hard/crtbegin.o
 .data          0x00000000        0x4 c:/nxp/s32ds_arm_v2.2/s32ds/build_tools/gcc_v6.3/gcc-6.3-arm32-eabi/bin/../lib/gcc/arm-none-eabi/6.3.1/thumb/v7e-m/fpv4-sp/hard/crtbegin.o
 .bss           0x00000000       0x1c c:/nxp/s32ds_arm_v2.2/s32ds/build_tools/gcc_v6.3/gcc-6.3-arm32-eabi/bin/../lib/gcc/arm-none-eabi/6.3.1/thumb/v7e-m/fpv4-sp/hard/crtbegin.o
 .init_array    0x00000000        0x4 c:/nxp/s32ds_arm_v2.2/s32ds/build_tools/gcc_v6.3/gcc-6.3-arm32-eabi/bin/../lib/gcc/arm-none-eabi/6.3.1/thumb/v7e-m/fpv4-sp/hard/crtbegin.o
 .fini_array    0x00000000        0x4 c:/nxp/s32ds_arm_v2.2/s32ds/build_tools/gcc_v6.3/gcc-6.3-arm32-eabi/bin/../lib/gcc/arm-none-eabi/6.3.1/thumb/v7e-m/fpv4-sp/hard/crtbegin.o
 .eh_frame      0x00000000        0x0 c:/nxp/s32ds_arm_v2.2/s32ds/build_tools/gcc_v6.3/gcc-6.3-arm32-eabi/bin/../lib/gcc/arm-none-eabi/6.3.1/thumb/v7e-m/fpv4-sp/hard/crtbegin.o
 .jcr           0x00000000        0x0 c:/nxp/s32ds_arm_v2.2/s32ds/build_tools/gcc_v6.3/gcc-6.3-arm32-eabi/bin/../lib/gcc/arm-none-eabi/6.3.1/thumb/v7e-m/fpv4-sp/hard/crtbegin.o
 .tm_clone_table
[...]
Memory Configuration

Name             Origin             Length             Attributes
m_interrupts     0x00000000         0x00000400         xr
m_flash_config   0x00000400         0x00000010         xr
m_text           0x00000410         0x0007fbf0         xr
m_data           0x1fff8000         0x00008000         rw
m_data_2         0x20000000         0x00007000         rw
*default*        0x00000000         0xffffffff

Linker script and memory map

LOAD c:/nxp/s32ds_arm_v2.2/s32ds/build_tools/gcc_v6.3/gcc-6.3-arm32-eabi/bin/../lib/gcc/arm-none-eabi/6.3.1/thumb/v7e-m/fpv4-sp/hard/crti.o
LOAD c:/nxp/s32ds_arm_v2.2/s32ds/build_tools/gcc_v6.3/gcc-6.3-arm32-eabi/bin/../lib/gcc/arm-none-eabi/6.3.1/thumb/v7e-m/fpv4-sp/hard/crtbegin.o
LOAD C:/NXP/S32DS_ARM_v2.2/S32DS/build_tools/gcc_v6.3/gcc-6.3-arm32-eabi/arm-none-eabi/newlib/lib/thumb/v7e-m/fpv4-sp/hard/crt0.o
LOAD ./Generated_Code/Cpu.o
LOAD ./Generated_Code/canCom1.o
LOAD ./Generated_Code/can_pal1.o
LOAD ./Generated_Code/clockMan1.o
LOAD ./Generated_Code/dmaController1.o
LOAD ./Generated_Code/pin_mux.o
LOAD ./Project_Settings/Startup_Code/startup_S32K144.o
LOAD ./SDK/platform/devices/S32K144/startup/system_S32K144.o
LOAD ./SDK/platform/devices/startup.o
LOAD ./SDK/platform/drivers/src/clock/S32K1xx/clock_S32K1xx.o
LOAD ./SDK/platform/drivers/src/edma/edma_driver.o
LOAD ./SDK/platform/drivers/src/edma/edma_hw_access.o
LOAD ./SDK/platform/drivers/src/edma/edma_irq.o
LOAD ./SDK/platform/drivers/src/flexcan/flexcan_driver.o
LOAD ./SDK/platform/drivers/src/flexcan/flexcan_hw_access.o
LOAD ./SDK/platform/drivers/src/flexcan/flexcan_irq.o
LOAD ./SDK/platform/drivers/src/interrupt/interrupt_manager.o
LOAD ./SDK/platform/drivers/src/pins/pins_driver.o
LOAD ./SDK/platform/drivers/src/pins/pins_port_hw_access.o
LOAD ./SDK/platform/pal/src/can/can_pal.o
LOAD ./SDK/rtos/FreeRTOS_S32K/Source/croutine.o
LOAD ./SDK/rtos/FreeRTOS_S32K/Source/event_groups.o
LOAD ./SDK/rtos/FreeRTOS_S32K/Source/list.o
LOAD ./SDK/rtos/FreeRTOS_S32K/Source/queue.o
LOAD ./SDK/rtos/FreeRTOS_S32K/Source/stream_buffer.o
LOAD ./SDK/rtos/FreeRTOS_S32K/Source/tasks.o
LOAD ./SDK/rtos/FreeRTOS_S32K/Source/timers.o
LOAD ./SDK/rtos/FreeRTOS_S32K/Source/portable/GCC/ARM_CM4F/port.o
LOAD ./SDK/rtos/FreeRTOS_S32K/Source/portable/MemMang/heap_2.o
LOAD ./SDK/rtos/osif/osif_freertos.o
LOAD ./Sources/main.o
START GROUP
LOAD c:/nxp/s32ds_arm_v2.2/s32ds/build_tools/gcc_v6.3/gcc-6.3-arm32-eabi/bin/../lib/gcc/arm-none-eabi/6.3.1/thumb/v7e-m/fpv4-sp/hard\libgcc.a
LOAD C:/NXP/S32DS_ARM_v2.2/S32DS/build_tools/gcc_v6.3/gcc-6.3-arm32-eabi/arm-none-eabi/newlib/lib/thumb/v7e-m/fpv4-sp/hard\libc_nano.a
END GROUP
START GROUP
LOAD c:/nxp/s32ds_arm_v2.2/s32ds/build_tools/gcc_v6.3/gcc-6.3-arm32-eabi/bin/../lib/gcc/arm-none-eabi/6.3.1/thumb/v7e-m/fpv4-sp/hard\libgcc.a
LOAD C:/NXP/S32DS_ARM_v2.2/S32DS/build_tools/gcc_v6.3/gcc-6.3-arm32-eabi/arm-none-eabi/newlib/lib/thumb/v7e-m/fpv4-sp/hard\libc_nano.a
LOAD C:/NXP/S32DS_ARM_v2.2/S32DS/build_tools/gcc_v6.3/gcc-6.3-arm32-eabi/arm-none-eabi/newlib/lib/thumb/v7e-m/fpv4-sp/hard\libnosys.a
END GROUP
START GROUP
LOAD c:/nxp/s32ds_arm_v2.2/s32ds/build_tools/gcc_v6.3/gcc-6.3-arm32-eabi/bin/../lib/gcc/arm-none-eabi/6.3.1/thumb/v7e-m/fpv4-sp/hard\libgcc.a
LOAD C:/NXP/S32DS_ARM_v2.2/S32DS/build_tools/gcc_v6.3/gcc-6.3-arm32-eabi/arm-none-eabi/newlib/lib/thumb/v7e-m/fpv4-sp/hard\libc_nano.a
LOAD C:/NXP/S32DS_ARM_v2.2/S32DS/build_tools/gcc_v6.3/gcc-6.3-arm32-eabi/arm-none-eabi/newlib/lib/thumb/v7e-m/fpv4-sp/hard\libnosys.a
END GROUP
LOAD c:/nxp/s32ds_arm_v2.2/s32ds/build_tools/gcc_v6.3/gcc-6.3-arm32-eabi/bin/../lib/gcc/arm-none-eabi/6.3.1/thumb/v7e-m/fpv4-sp/hard/crtend.o
LOAD c:/nxp/s32ds_arm_v2.2/s32ds/build_tools/gcc_v6.3/gcc-6.3-arm32-eabi/bin/../lib/gcc/arm-none-eabi/6.3.1/thumb/v7e-m/fpv4-sp/hard/crtn.o
                0x00000400                HEAP_SIZE = DEFINED (__heap_size__)?__heap_size__:0x400
                0x00000400                STACK_SIZE = DEFINED (__stack_size__)?__stack_size__:0x400
                0x00000400                M_VECTOR_RAM_SIZE = DEFINED (__flash_vector_table__)?0x0:0x400

.interrupts     0x00000000      0x400
                0x00000000                __VECTOR_TABLE = .
                0x00000000                __interrupts_start__ = .
                0x00000000                . = ALIGN (0x4)
 *(.isr_vector)
 .isr_vector    0x00000000      0x400 ./Project_Settings/Startup_Code/startup_S32K144.o
                0x00000000                __isr_vector
                0x00000400                __interrupts_end__ = .
                0x00000400                . = ALIGN (0x4)

.flash_config   0x00000400       0x10
                0x00000400                . = ALIGN (0x4)
 *(.FlashConfig)
 .FlashConfig   0x00000400       0x10 ./Project_Settings/Startup_Code/startup_S32K144.o
                0x00000410                . = ALIGN (0x4)

.text           0x00000410     0x1404
                0x00000410                . = ALIGN (0x4)
 *(.text)
 .text          0x00000410       0x4c ./Project_Settings/Startup_Code/startup_S32K144.o
                0x00000410                Reset_Handler
                0x00000458                DebugMon_Handler
                0x00000458                Reserved88_IRQHandler
                0x00000458                HardFault_Handler
                0x00000458                Reserved86_IRQHandler
                0x00000458                Reserved103_IRQHandler
                0x00000458                FTM2_Ovf_Reload_IRQHandler
                0x00000458                Reserved50_IRQHandler
                0x00000458                FTFC_Fault_IRQHandler
                0x00000458                FTM0_Ch6_Ch7_IRQHandler
                0x00000458                Reserved114_IRQHandler
                0x00000458                NMI_Handler
                0x00000458                Reserved89_IRQHandler
                0x00000458                ERM_double_fault_IRQHandler
                0x00000458                Reserved59_IRQHandler
                0x00000458                LPIT0_Ch0_IRQHandler
                0x00000458                Reserved99_IRQHandler
                0x00000458                FTM3_Ch6_Ch7_IRQHandler
                0x00000458                LPIT0_Ch3_IRQHandler
                0x00000458                Reserved92_IRQHandler
                0x00000458                FTM0_Ch4_Ch5_IRQHandler
                0x00000458                FTM3_Ch0_Ch1_IRQHandler
                0x00000458                SWI_IRQHandler
                0x00000458                ADC0_IRQHandler
                0x00000458                FTM2_Ch4_Ch5_IRQHandler
                0x00000458                UsageFault_Handler
                0x00000458                FTM0_Ovf_Reload_IRQHandler
                0x00000458                DefaultISR
                0x00000458                Reserved58_IRQHandler
                0x00000458                FTM1_Ch2_Ch3_IRQHandler
                0x00000458                Reserved82_IRQHandler
                0x00000458                LPI2C0_Slave_IRQHandler
                0x00000458                Reserved71_IRQHandler
                0x00000458                PORTD_IRQHandler
                0x00000458                Reserved69_IRQHandler
                0x00000458                PORTB_IRQHandler
                0x00000458                Reserved70_IRQHandler
                0x00000458                ADC1_IRQHandler
                0x00000458                FTM2_Ch2_Ch3_IRQHandler
                0x00000458                Reserved53_IRQHandler
                0x00000458                RTC_IRQHandler
                0x00000458                PDB0_IRQHandler
                0x00000458                Reserved54_IRQHandler
                0x00000458                FTM2_Ch6_Ch7_IRQHandler
                0x00000458                FTM3_Ch2_Ch3_IRQHandler
                0x00000458                FTM2_Ch0_Ch1_IRQHandler
                0x00000458                LPSPI1_IRQHandler
                0x00000458                LPUART1_RxTx_IRQHandler
                0x00000458                RTC_Seconds_IRQHandler
                0x00000458                Reserved72_IRQHandler
                0x00000458                Reserved110_IRQHandler
                0x00000458                Reserved107_IRQHandler
                0x00000458                Read_Collision_IRQHandler
                0x00000458                FTFC_IRQHandler
                0x00000458                FTM1_Ch6_Ch7_IRQHandler
                0x00000458                Reserved105_IRQHandler
                0x00000458                LPIT0_Ch1_IRQHandler
                0x00000458                FTM1_Ch4_Ch5_IRQHandler
                0x00000458                FTM3_Ovf_Reload_IRQHandler
                0x00000458                LPUART2_RxTx_IRQHandler
                0x00000458                LPSPI0_IRQHandler
                0x00000458                WDOG_EWM_IRQHandler
                0x00000458                MemManage_Handler
                0x00000458                Reserved90_IRQHandler
                0x00000458                Reserved83_IRQHandler
                0x00000458                FTM0_Fault_IRQHandler
                0x00000458                Reserved48_IRQHandler
                0x00000458                ERM_single_fault_IRQHandler
                0x00000458                FTM2_Fault_IRQHandler
                0x00000458                FTM0_Ch2_Ch3_IRQHandler
                0x00000458                FTM0_Ch0_Ch1_IRQHandler
                0x00000458                FTM3_Fault_IRQHandler
                0x00000458                RCM_IRQHandler
                0x00000458                Reserved100_IRQHandler
                0x00000458                Reserved91_IRQHandler
                0x00000458                SCG_IRQHandler
                0x00000458                PDB1_IRQHandler
                0x00000458                Reserved81_IRQHandler
                0x00000458                Reserved46_IRQHandler
                0x00000458                Reserved45_IRQHandler
                0x00000458                Reserved112_IRQHandler
                0x00000458                LPI2C0_Master_IRQHandler
                0x00000458                FTM1_Fault_IRQHandler
                0x00000458                Reserved106_IRQHandler
                0x00000458                LVD_LVW_IRQHandler
                0x00000458                LPIT0_Ch2_IRQHandler
                0x00000458                PORTA_IRQHandler
                0x00000458                MCM_IRQHandler
                0x00000458                LPSPI2_IRQHandler
                0x00000458                FTM3_Ch4_Ch5_IRQHandler
                0x00000458                PORTE_IRQHandler
                0x00000458                LPUART0_RxTx_IRQHandler
                0x00000458                LPTMR0_IRQHandler
                0x00000458                BusFault_Handler
                0x00000458                Reserved87_IRQHandler
                0x00000458                FTM1_Ovf_Reload_IRQHandler
                0x00000458                Reserved93_IRQHandler
                0x00000458                CMP0_IRQHandler
                0x00000458                Reserved52_IRQHandler
                0x00000458                PORTC_IRQHandler
                0x00000458                FTM1_Ch0_Ch1_IRQHandler
                0x00000458                FLEXIO_IRQHandler
                0x00000458                Reserved113_IRQHandler
 *(.text*)
 .text.SystemInit
                0x0000045c       0x3c ./SDK/platform/devices/S32K144/startup/system_S32K144.o
                0x0000045c                SystemInit
 .text.init_data_bss
                0x00000498       0xd8 ./SDK/platform/devices/startup.o
                0x00000498                init_data_bss
 .text.EDMA_DRV_IRQHandler
                0x00000570       0x2c ./SDK/platform/drivers/src/edma/edma_driver.o
                0x00000570                EDMA_DRV_IRQHandler
 .text.EDMA_DRV_ErrorIRQHandler
                0x0000059c       0x3c ./SDK/platform/drivers/src/edma/edma_driver.o
                0x0000059c                EDMA_DRV_ErrorIRQHandler
 .text.EDMA_DRV_StopChannel
                0x000005d8       0x18 ./SDK/platform/drivers/src/edma/edma_driver.o
                0x000005d8                EDMA_DRV_StopChannel
 .text.EDMA_DRV_GetDmaRegBaseAddr
                0x000005f0        0x8 ./SDK/platform/drivers/src/edma/edma_driver.o
                0x000005f0                EDMA_DRV_GetDmaRegBaseAddr
 .text.EDMA_SetDmaRequestCmd
                0x000005f8        0xa ./SDK/platform/drivers/src/edma/edma_hw_access.o
                0x000005f8                EDMA_SetDmaRequestCmd
 .text.DMA0_IRQHandler
                0x00000602        0xa ./SDK/platform/drivers/src/edma/edma_irq.o
                0x00000602                DMA0_IRQHandler
 .text.DMA1_IRQHandler
                0x0000060c        0xa ./SDK/platform/drivers/src/edma/edma_irq.o
                0x0000060c                DMA1_IRQHandler
 .text.DMA2_IRQHandler
                0x00000616        0xa ./SDK/platform/drivers/src/edma/edma_irq.o
                0x00000616                DMA2_IRQHandler
 .text.DMA3_IRQHandler
                0x00000620        0xa ./SDK/platform/drivers/src/edma/edma_irq.o
                0x00000620                DMA3_IRQHandler
 .text.DMA4_IRQHandler
                0x0000062a        0xa ./SDK/platform/drivers/src/edma/edma_irq.o
                0x0000062a                DMA4_IRQHandler
 .text.DMA5_IRQHandler
                0x00000634        0xa ./SDK/platform/drivers/src/edma/edma_irq.o
                0x00000634                DMA5_IRQHandler
 .text.DMA6_IRQHandler
                0x0000063e        0xa ./SDK/platform/drivers/src/edma/edma_irq.o
                0x0000063e                DMA6_IRQHandler
 .text.DMA7_IRQHandler
                0x00000648        0xa ./SDK/platform/drivers/src/edma/edma_irq.o
                0x00000648                DMA7_IRQHandler
 .text.DMA8_IRQHandler
                0x00000652        0xa ./SDK/platform/drivers/src/edma/edma_irq.o
                0x00000652                DMA8_IRQHandler
 .text.DMA9_IRQHandler
                0x0000065c        0xa ./SDK/platform/drivers/src/edma/edma_irq.o
                0x0000065c                DMA9_IRQHandler
 .text.DMA10_IRQHandler
                0x00000666        0xa ./SDK/platform/drivers/src/edma/edma_irq.o
                0x00000666                DMA10_IRQHandler
 .text.DMA11_IRQHandler
                0x00000670        0xa ./SDK/platform/drivers/src/edma/edma_irq.o
                0x00000670                DMA11_IRQHandler
 .text.DMA12_IRQHandler
                0x0000067a        0xa ./SDK/platform/drivers/src/edma/edma_irq.o
                0x0000067a                DMA12_IRQHandler
 .text.DMA13_IRQHandler
                0x00000684        0xa ./SDK/platform/drivers/src/edma/edma_irq.o
                0x00000684                DMA13_IRQHandler
 .text.DMA14_IRQHandler
                0x0000068e        0xa ./SDK/platform/drivers/src/edma/edma_irq.o
                0x0000068e                DMA14_IRQHandler
 .text.DMA15_IRQHandler
                0x00000698        0xa ./SDK/platform/drivers/src/edma/edma_irq.o
                0x00000698                DMA15_IRQHandler
 .text.DMA_Error_IRQHandler
                0x000006a2       0x28 ./SDK/platform/drivers/src/edma/edma_irq.o
                0x000006a2                DMA_Error_IRQHandler
 *fill*         0x000006ca        0x2 
 .text.FLEXCAN_CompleteRxMessageFifoData
                0x000006cc       0xb0 ./SDK/platform/drivers/src/flexcan/flexcan_driver.o
 .text.FLEXCAN_CompleteTransfer
                0x0000077c       0x48 ./SDK/platform/drivers/src/flexcan/flexcan_driver.o
 .text.FLEXCAN_Error_IRQHandler
                0x000007c4       0x28 ./SDK/platform/drivers/src/flexcan/flexcan_driver.o
                0x000007c4                FLEXCAN_Error_IRQHandler
 .text.FLEXCAN_WakeUpHandler
                0x000007ec       0x6c ./SDK/platform/drivers/src/flexcan/flexcan_driver.o
                0x000007ec                FLEXCAN_WakeUpHandler
 .text.FLEXCAN_IRQHandler
                0x00000858      0x1c8 ./SDK/platform/drivers/src/flexcan/flexcan_driver.o
                0x00000858                FLEXCAN_IRQHandler
 .text.FLEXCAN_ComputePayloadSize
                0x00000a20       0x36 ./SDK/platform/drivers/src/flexcan/flexcan_hw_access.o
 .text.FLEXCAN_SetMsgBuffIntCmd
                0x00000a56       0x3c ./SDK/platform/drivers/src/flexcan/flexcan_hw_access.o
                0x00000a56                FLEXCAN_SetMsgBuffIntCmd
 *fill*         0x00000a92        0x2 
 .text.FLEXCAN_ClearErrIntStatusFlag
                0x00000a94       0x14 ./SDK/platform/drivers/src/flexcan/flexcan_hw_access.o
                0x00000a94                FLEXCAN_ClearErrIntStatusFlag
 .text.FLEXCAN_ReadRxFifo
                0x00000aa8       0x56 ./SDK/platform/drivers/src/flexcan/flexcan_hw_access.o
                0x00000aa8                FLEXCAN_ReadRxFifo
 .text.FLEXCAN_GetPayloadSize
                0x00000afe       0x20 ./SDK/platform/drivers/src/flexcan/flexcan_hw_access.o
                0x00000afe                FLEXCAN_GetPayloadSize
 .text.FLEXCAN_GetMsgBuffRegion
                0x00000b1e       0x30 ./SDK/platform/drivers/src/flexcan/flexcan_hw_access.o
                0x00000b1e                FLEXCAN_GetMsgBuffRegion
 .text.FLEXCAN_GetMsgBuff
                0x00000b4e       0x96 ./SDK/platform/drivers/src/flexcan/flexcan_hw_access.o
                0x00000b4e                FLEXCAN_GetMsgBuff
 .text.FLEXCAN_LockRxMsgBuff
                0x00000be4        0xa ./SDK/platform/drivers/src/flexcan/flexcan_hw_access.o
                0x00000be4                FLEXCAN_LockRxMsgBuff
 .text.CAN0_ORed_IRQHandler
                0x00000bee        0xa ./SDK/platform/drivers/src/flexcan/flexcan_irq.o
                0x00000bee                CAN0_ORed_IRQHandler
 .text.CAN0_Error_IRQHandler
                0x00000bf8        0xa ./SDK/platform/drivers/src/flexcan/flexcan_irq.o
                0x00000bf8                CAN0_Error_IRQHandler
 .text.CAN0_Wake_Up_IRQHandler
                0x00000c02        0xa ./SDK/platform/drivers/src/flexcan/flexcan_irq.o
                0x00000c02                CAN0_Wake_Up_IRQHandler
 .text.CAN0_ORed_0_15_MB_IRQHandler
                0x00000c0c        0xa ./SDK/platform/drivers/src/flexcan/flexcan_irq.o
                0x00000c0c                CAN0_ORed_0_15_MB_IRQHandler
 .text.CAN0_ORed_16_31_MB_IRQHandler
                0x00000c16        0xa ./SDK/platform/drivers/src/flexcan/flexcan_irq.o
                0x00000c16                CAN0_ORed_16_31_MB_IRQHandler
 .text.CAN1_ORed_IRQHandler
                0x00000c20        0xa ./SDK/platform/drivers/src/flexcan/flexcan_irq.o
                0x00000c20                CAN1_ORed_IRQHandler
 .text.CAN1_Error_IRQHandler
                0x00000c2a        0xa ./SDK/platform/drivers/src/flexcan/flexcan_irq.o
                0x00000c2a                CAN1_Error_IRQHandler
 .text.CAN1_ORed_0_15_MB_IRQHandler
                0x00000c34        0xa ./SDK/platform/drivers/src/flexcan/flexcan_irq.o
                0x00000c34                CAN1_ORed_0_15_MB_IRQHandler
 .text.CAN2_ORed_IRQHandler
                0x00000c3e        0xa ./SDK/platform/drivers/src/flexcan/flexcan_irq.o
                0x00000c3e                CAN2_ORed_IRQHandler
 .text.CAN2_Error_IRQHandler
                0x00000c48        0xa ./SDK/platform/drivers/src/flexcan/flexcan_irq.o
                0x00000c48                CAN2_Error_IRQHandler
 .text.CAN2_ORed_0_15_MB_IRQHandler
                0x00000c52        0xa ./SDK/platform/drivers/src/flexcan/flexcan_irq.o
                0x00000c52                CAN2_ORed_0_15_MB_IRQHandler
 .text.vListInsertEnd
                0x00000c5c       0x18 ./SDK/rtos/FreeRTOS_S32K/Source/list.o
                0x00000c5c                vListInsertEnd
 .text.vListInsert
                0x00000c74       0x34 ./SDK/rtos/FreeRTOS_S32K/Source/list.o
                0x00000c74                vListInsert
 .text.uxListRemove
                0x00000ca8       0x26 ./SDK/rtos/FreeRTOS_S32K/Source/list.o
                0x00000ca8                uxListRemove
 .text.prvCopyDataToQueue
                0x00000cce       0x76 ./SDK/rtos/FreeRTOS_S32K/Source/queue.o
 .text.prvUnlockQueue
                0x00000d44       0x82 ./SDK/rtos/FreeRTOS_S32K/Source/queue.o
 *fill*         0x00000dc6        0x2 
 .text.xQueueGenericSend
                0x00000dc8      0x188 ./SDK/rtos/FreeRTOS_S32K/Source/queue.o
                0x00000dc8                xQueueGenericSend
 .text.xQueueGiveFromISR
                0x00000f50       0xb2 ./SDK/rtos/FreeRTOS_S32K/Source/queue.o
                0x00000f50                xQueueGiveFromISR
 *fill*         0x00001002        0x2 
 .text.prvResetNextTaskUnblockTime
                0x00001004       0x2c ./SDK/rtos/FreeRTOS_S32K/Source/tasks.o
 .text.prvAddCurrentTaskToDelayedList
                0x00001030       0xa0 ./SDK/rtos/FreeRTOS_S32K/Source/tasks.o
 .text.vTaskSuspendAll
                0x000010d0       0x10 ./SDK/rtos/FreeRTOS_S32K/Source/tasks.o
                0x000010d0                vTaskSuspendAll
 .text.xTaskIncrementTick
                0x000010e0      0x128 ./SDK/rtos/FreeRTOS_S32K/Source/tasks.o
                0x000010e0                xTaskIncrementTick
 .text.xTaskResumeAll
                0x00001208      0x100 ./SDK/rtos/FreeRTOS_S32K/Source/tasks.o
                0x00001208                xTaskResumeAll
 .text.vTaskSwitchContext
                0x00001308       0x94 ./SDK/rtos/FreeRTOS_S32K/Source/tasks.o
                0x00001308                vTaskSwitchContext
 .text.vTaskPlaceOnEventList
                0x0000139c       0x30 ./SDK/rtos/FreeRTOS_S32K/Source/tasks.o
                0x0000139c                vTaskPlaceOnEventList
 .text.xTaskRemoveFromEventList
                0x000013cc       0x88 ./SDK/rtos/FreeRTOS_S32K/Source/tasks.o
                0x000013cc                xTaskRemoveFromEventList
 .text.vTaskInternalSetTimeOutState
                0x00001454       0x18 ./SDK/rtos/FreeRTOS_S32K/Source/tasks.o
                0x00001454                vTaskInternalSetTimeOutState
 .text.xTaskCheckForTimeOut
                0x0000146c       0x9c ./SDK/rtos/FreeRTOS_S32K/Source/tasks.o
                0x0000146c                xTaskCheckForTimeOut
 .text.vTaskMissedYield
                0x00001508        0xc ./SDK/rtos/FreeRTOS_S32K/Source/tasks.o
                0x00001508                vTaskMissedYield
 .text.xTaskGetSchedulerState
                0x00001514       0x20 ./SDK/rtos/FreeRTOS_S32K/Source/tasks.o
                0x00001514                xTaskGetSchedulerState
 .text.xTaskPriorityDisinherit
                0x00001534       0xb0 ./SDK/rtos/FreeRTOS_S32K/Source/tasks.o
                0x00001534                xTaskPriorityDisinherit
 *fill*         0x000015e4        0xc 
 .text.SVC_Handler
                0x000015f0       0x24 ./SDK/rtos/FreeRTOS_S32K/Source/portable/GCC/ARM_CM4F/port.o
                0x000015f0                SVC_Handler
 .text.vPortEnterCritical
                0x00001614       0x44 ./SDK/rtos/FreeRTOS_S32K/Source/portable/GCC/ARM_CM4F/port.o
                0x00001614                vPortEnterCritical
 .text.vPortExitCritical
                0x00001658       0x2c ./SDK/rtos/FreeRTOS_S32K/Source/portable/GCC/ARM_CM4F/port.o
                0x00001658                vPortExitCritical
 *fill*         0x00001684        0xc 
 .text.PendSV_Handler
                0x00001690       0x64 ./SDK/rtos/FreeRTOS_S32K/Source/portable/GCC/ARM_CM4F/port.o
                0x00001690                PendSV_Handler
 .text.SysTick_Handler
                0x000016f4       0x2c ./SDK/rtos/FreeRTOS_S32K/Source/portable/GCC/ARM_CM4F/port.o
                0x000016f4                SysTick_Handler
 .text.vPortValidateInterruptPriority
                0x00001720       0x5c ./SDK/rtos/FreeRTOS_S32K/Source/portable/GCC/ARM_CM4F/port.o
                0x00001720                vPortValidateInterruptPriority
 .text.OSIF_SemaPost
                0x0000177c       0x58 ./SDK/rtos/osif/osif_freertos.o
                0x0000177c                OSIF_SemaPost
 .text.main     0x000017d4       0x14 ./Sources/main.o
                0x000017d4                main
 .text.memcpy   0x000017e8       0x16 C:/NXP/S32DS_ARM_v2.2/S32DS/build_tools/gcc_v6.3/gcc-6.3-arm32-eabi/arm-none-eabi/newlib/lib/thumb/v7e-m/fpv4-sp/hard\libc_nano.a(lib_a-memcpy-stub.o)
                0x000017e8                memcpy
 *(.rodata)
 *(.rodata*)
 *fill*         0x000017fe        0x2 
 .rodata.g_flexcanBase
                0x00001800        0xc ./SDK/platform/drivers/src/flexcan/flexcan_driver.o
 *(.init)
 .init          0x0000180c        0x4 c:/nxp/s32ds_arm_v2.2/s32ds/build_tools/gcc_v6.3/gcc-6.3-arm32-eabi/bin/../lib/gcc/arm-none-eabi/6.3.1/thumb/v7e-m/fpv4-sp/hard/crti.o
                0x0000180c                _init
 *(.fini)
 .fini          0x00001810        0x4 c:/nxp/s32ds_arm_v2.2/s32ds/build_tools/gcc_v6.3/gcc-6.3-arm32-eabi/bin/../lib/gcc/arm-none-eabi/6.3.1/thumb/v7e-m/fpv4-sp/hard/crti.o
                0x00001810                _fini
 *(.eh_frame)
                0x00001814                . = ALIGN (0x4)

.glue_7         0x00001814        0x0
 .glue_7        0x00001814        0x0 linker stubs

.glue_7t        0x00001814        0x0
 .glue_7t       0x00001814        0x0 linker stubs

.vfp11_veneer   0x00001814        0x0
 .vfp11_veneer  0x00001814        0x0 linker stubs

.v4_bx          0x00001814        0x0
 .v4_bx         0x00001814        0x0 linker stubs

.iplt           0x00001814        0x0
 .iplt          0x00001814        0x0 c:/nxp/s32ds_arm_v2.2/s32ds/build_tools/gcc_v6.3/gcc-6.3-arm32-eabi/bin/../lib/gcc/arm-none-eabi/6.3.1/thumb/v7e-m/fpv4-sp/hard/crtbegin.o

.rel.dyn        0x00001814        0x0
 .rel.iplt      0x00001814        0x0 c:/nxp/s32ds_arm_v2.2/s32ds/build_tools/gcc_v6.3/gcc-6.3-arm32-eabi/bin/../lib/gcc/arm-none-eabi/6.3.1/thumb/v7e-m/fpv4-sp/hard/crtbegin.o

.ARM            0x00001814        0x0
                0x00001814                __exidx_start = .
 *(.ARM.exidx*)
                0x00001814                __exidx_end = .
                0x00001814                __etext = .
                0x00001814                __DATA_ROM = .

.interrupts_ram
                0x1fff8000      0x400
                0x1fff8000                . = ALIGN (0x4)
                0x1fff8000                __VECTOR_RAM__ = .
                0x1fff8000                __RAM_START = .
                0x1fff8000                __interrupts_ram_start__ = .
 *(.m_interrupts_ram)
                0x1fff8400                . = (. + M_VECTOR_RAM_SIZE)
 *fill*         0x1fff8000      0x400 
                0x1fff8400                . = ALIGN (0x4)
                0x1fff8400                __interrupts_ram_end__ = .
                0x1fff8000                __VECTOR_RAM = DEFINED (__flash_vector_table__)?ORIGIN (m_interrupts):__VECTOR_RAM__
                0x00000400                __RAM_VECTOR_TABLE_SIZE = DEFINED (__flash_vector_table__)?0x0:(__interrupts_ram_end__ - __interrupts_ram_start__)

.data           0x1fff8400        0x4 load address 0x00001814
                0x1fff8400                . = ALIGN (0x4)
                0x1fff8400                __DATA_RAM = .
                0x1fff8400                __data_start__ = .
 *(.data)
 *(.data*)
 .data.uxCriticalNesting
                0x1fff8400        0x4 ./SDK/rtos/FreeRTOS_S32K/Source/portable/GCC/ARM_CM4F/port.o
                0x1fff8404                . = ALIGN (0x4)
                0x1fff8404                __data_end__ = .
                0x00001818                __DATA_END = (__DATA_ROM + (__data_end__ - __data_start__))
                0x00001818                __CODE_ROM = __DATA_END

.igot.plt       0x1fff8404        0x0 load address 0x00001818
 .igot.plt      0x1fff8404        0x0 c:/nxp/s32ds_arm_v2.2/s32ds/build_tools/gcc_v6.3/gcc-6.3-arm32-eabi/bin/../lib/gcc/arm-none-eabi/6.3.1/thumb/v7e-m/fpv4-sp/hard/crtbegin.o

.code           0x1fff8404        0x0 load address 0x00001818
                0x1fff8404                . = ALIGN (0x4)
                0x1fff8404                __CODE_RAM = .
                0x1fff8404                __code_start__ = .
                0x1fff8404                __code_ram_start__ = .
 *(.code_ram)
                0x1fff8404                . = ALIGN (0x4)
                0x1fff8404                __code_end__ = .
                0x1fff8404                __code_ram_end__ = .
                0x00001818                __CODE_END = (__CODE_ROM + (__code_end__ - __code_start__))
                0x00001818                __CUSTOM_ROM = __CODE_END

.customSectionBlock
                0x20000000        0x0 load address 0x00001818
                0x20000000                __customSection_start__ = .
 *(.customSection)
                0x20000000                __customSection_end__ = .
                0x00001818                __CUSTOM_END = (__CUSTOM_ROM + (__customSection_end__ - __customSection_start__))
                0x00001818                __rom_end = __CUSTOM_END

.bss            0x20000000      0x114
                0x20000000                . = ALIGN (0x4)
                0x20000000                __BSS_START = .
                0x20000000                __bss_start__ = .
 *(.bss)
 *(.bss*)
 .bss.s_virtEdmaState
                0x20000000        0x4 ./SDK/platform/drivers/src/edma/edma_driver.o
 .bss.g_flexcanStatePtr
                0x20000004        0xc ./SDK/platform/drivers/src/flexcan/flexcan_driver.o
 .bss.pxCurrentTCB
                0x20000010        0x4 ./SDK/rtos/FreeRTOS_S32K/Source/tasks.o
                0x20000010                pxCurrentTCB
 .bss.pxDelayedTaskList
                0x20000014        0x4 ./SDK/rtos/FreeRTOS_S32K/Source/tasks.o
 .bss.pxOverflowDelayedTaskList
                0x20000018        0x4 ./SDK/rtos/FreeRTOS_S32K/Source/tasks.o
 .bss.pxReadyTasksLists
                0x2000001c       0xa0 ./SDK/rtos/FreeRTOS_S32K/Source/tasks.o
 .bss.uxCurrentNumberOfTasks
                0x200000bc        0x4 ./SDK/rtos/FreeRTOS_S32K/Source/tasks.o
 .bss.uxPendedTicks
                0x200000c0        0x4 ./SDK/rtos/FreeRTOS_S32K/Source/tasks.o
 .bss.uxSchedulerSuspended
                0x200000c4        0x4 ./SDK/rtos/FreeRTOS_S32K/Source/tasks.o
 .bss.uxTopReadyPriority
                0x200000c8        0x4 ./SDK/rtos/FreeRTOS_S32K/Source/tasks.o
 .bss.xNextTaskUnblockTime
                0x200000cc        0x4 ./SDK/rtos/FreeRTOS_S32K/Source/tasks.o
 .bss.xNumOfOverflows
                0x200000d0        0x4 ./SDK/rtos/FreeRTOS_S32K/Source/tasks.o
 .bss.xPendingReadyList
                0x200000d4       0x14 ./SDK/rtos/FreeRTOS_S32K/Source/tasks.o
 .bss.xSchedulerRunning
                0x200000e8        0x4 ./SDK/rtos/FreeRTOS_S32K/Source/tasks.o
 .bss.xSuspendedTaskList
                0x200000ec       0x14 ./SDK/rtos/FreeRTOS_S32K/Source/tasks.o
 .bss.xTickCount
                0x20000100        0x4 ./SDK/rtos/FreeRTOS_S32K/Source/tasks.o
 .bss.xYieldPending
                0x20000104        0x4 ./SDK/rtos/FreeRTOS_S32K/Source/tasks.o
 .bss.ucMaxSysCallPriority
                0x20000108        0x1 ./SDK/rtos/FreeRTOS_S32K/Source/portable/GCC/ARM_CM4F/port.o
 *fill*         0x20000109        0x3 
 .bss.ulMaxPRIGROUPValue
                0x2000010c        0x4 ./SDK/rtos/FreeRTOS_S32K/Source/portable/GCC/ARM_CM4F/port.o
 .bss.exit_code
                0x20000110        0x4 ./Sources/main.o
                0x20000110                exit_code
 *(COMMON)
                0x20000114                . = ALIGN (0x4)
                0x20000114                __bss_end__ = .
                0x20000114                __BSS_END = .

.heap           0x20000114      0x404
                0x20000118                . = ALIGN (0x8)
 *fill*         0x20000114        0x4 
                0x20000118                __end__ = .
                0x20000118                __heap_start__ = .
                [!provide]                PROVIDE (end, .)
                [!provide]                PROVIDE (_end, .)
                [!provide]                PROVIDE (__end, .)
                0x20000118                __HeapBase = .
                0x20000518                . = (. + HEAP_SIZE)
 *fill*         0x20000118      0x400 
                0x20000518                __HeapLimit = .
                0x20000518                __heap_limit = .
                0x20000518                __heap_end__ = .
                0x20007000                __StackTop = (ORIGIN (m_data_2) + LENGTH (m_data_2))
                0x20006c00                __StackLimit = (__StackTop - STACK_SIZE)
                0x20007000                PROVIDE (__stack, __StackTop)
                0x20007000                __RAM_END = __StackTop

.stack          0x20006c00      0x400
                0x20006c00                . = ALIGN (0x8)
                0x20006c00                __stack_start__ = .
                0x20007000                . = (. + STACK_SIZE)
 *fill*         0x20006c00      0x400 
                0x20007000                __stack_end__ = .

.ARM.attributes
                0x00000000       0x30
 *(.ARM.attributes)
 .ARM.attributes
                0x00000000       0x22 c:/nxp/s32ds_arm_v2.2/s32ds/build_tools/gcc_v6.3/gcc-6.3-arm32-eabi/bin/../lib/gcc/arm-none-eabi/6.3.1/thumb/v7e-m/fpv4-sp/hard/crti.o
 .ARM.attributes
                0x00000022       0x1f ./Project_Settings/Startup_Code/startup_S32K144.o
 .ARM.attributes
                0x00000041       0x39 ./SDK/platform/devices/S32K144/startup/system_S32K144.o
 .ARM.attributes
                0x0000007a       0x39 ./SDK/platform/devices/startup.o
 .ARM.attributes
                0x000000b3       0x39 ./SDK/platform/drivers/src/edma/edma_driver.o
 .ARM.attributes
                0x000000ec       0x39 ./SDK/platform/drivers/src/edma/edma_hw_access.o
 .ARM.attributes
                0x00000125       0x39 ./SDK/platform/drivers/src/edma/edma_irq.o
 .ARM.attributes
                0x0000015e       0x39 ./SDK/platform/drivers/src/flexcan/flexcan_driver.o
 .ARM.attributes
                0x00000197       0x39 ./SDK/platform/drivers/src/flexcan/flexcan_hw_access.o
 .ARM.attributes
                0x000001d0       0x39 ./SDK/platform/drivers/src/flexcan/flexcan_irq.o
 .ARM.attributes
                0x00000209       0x39 ./SDK/rtos/FreeRTOS_S32K/Source/list.o
 .ARM.attributes
                0x00000242       0x39 ./SDK/rtos/FreeRTOS_S32K/Source/queue.o
 .ARM.attributes
                0x0000027b       0x39 ./SDK/rtos/FreeRTOS_S32K/Source/tasks.o
 .ARM.attributes
                0x000002b4       0x39 ./SDK/rtos/FreeRTOS_S32K/Source/portable/GCC/ARM_CM4F/port.o
 .ARM.attributes
                0x000002ed       0x39 ./SDK/rtos/osif/osif_freertos.o
 .ARM.attributes
                0x00000326       0x39 ./Sources/main.o
 .ARM.attributes
                0x0000035f       0x34 C:/NXP/S32DS_ARM_v2.2/S32DS/build_tools/gcc_v6.3/gcc-6.3-arm32-eabi/arm-none-eabi/newlib/lib/thumb/v7e-m/fpv4-sp/hard\libc_nano.a(lib_a-memcpy-stub.o)
                0x00000001                ASSERT ((__rom_end <= (ORIGIN (m_text) + LENGTH (m_text))), Region m_text overflowed!)
                0x00000001                ASSERT ((__StackLimit >= __HeapLimit), region m_data_2 overflowed with stack and heap)
OUTPUT(TryBlink.elf elf32-littlearm)

.debug_line     0x00000000     0x4e86
 .debug_line    0x00000000       0x82 ./Project_Settings/Startup_Code/startup_S32K144.o
 .debug_line    0x00000082      0x201 ./SDK/platform/devices/S32K144/startup/system_S32K144.o
 .debug_line    0x00000283      0x177 ./SDK/platform/devices/startup.o
 .debug_line    0x000003fa      0x8b7 ./SDK/platform/drivers/src/edma/edma_driver.o
 .debug_line    0x00000cb1      0x379 ./SDK/platform/drivers/src/edma/edma_hw_access.o
 .debug_line    0x0000102a      0x2e5 ./SDK/platform/drivers/src/edma/edma_irq.o
 .debug_line    0x0000130f      0xd9a ./SDK/platform/drivers/src/flexcan/flexcan_driver.o
 .debug_line    0x000020a9      0x7ac ./SDK/platform/drivers/src/flexcan/flexcan_hw_access.o
 .debug_line    0x00002855      0x140 ./SDK/platform/drivers/src/flexcan/flexcan_irq.o
 .debug_line    0x00002995      0x310 ./SDK/rtos/FreeRTOS_S32K/Source/list.o
 .debug_line    0x00002ca5      0x8c9 ./SDK/rtos/FreeRTOS_S32K/Source/queue.o
 .debug_line    0x0000356e      0xcb3 ./SDK/rtos/FreeRTOS_S32K/Source/tasks.o
 .debug_line    0x00004221      0x3b7 ./SDK/rtos/FreeRTOS_S32K/Source/portable/GCC/ARM_CM4F/port.o
 .debug_line    0x000045d8      0x3cf ./SDK/rtos/osif/osif_freertos.o
 .debug_line    0x000049a7      0x4df ./Sources/main.o

.debug_info     0x00000000    0x14f3b
 .debug_info    0x00000000       0x26 ./Project_Settings/Startup_Code/startup_S32K144.o
 .debug_info    0x00000026      0x521 ./SDK/platform/devices/S32K144/startup/system_S32K144.o
 .debug_info    0x00000547      0x2ad ./SDK/platform/devices/startup.o
 .debug_info    0x000007f4     0x3771 ./SDK/platform/drivers/src/edma/edma_driver.o
 .debug_info    0x00003f65      0x960 ./SDK/platform/drivers/src/edma/edma_hw_access.o
 .debug_info    0x000048c5      0x6db ./SDK/platform/drivers/src/edma/edma_irq.o
 .debug_info    0x00004fa0     0x5054 ./SDK/platform/drivers/src/flexcan/flexcan_driver.o
 .debug_info    0x00009ff4     0x1d7b ./SDK/platform/drivers/src/flexcan/flexcan_hw_access.o
 .debug_info    0x0000bd6f      0x275 ./SDK/platform/drivers/src/flexcan/flexcan_irq.o
 .debug_info    0x0000bfe4      0xaa8 ./SDK/rtos/FreeRTOS_S32K/Source/list.o
 .debug_info    0x0000ca8c     0x2633 ./SDK/rtos/FreeRTOS_S32K/Source/queue.o
 .debug_info    0x0000f0bf     0x2fbd ./SDK/rtos/FreeRTOS_S32K/Source/tasks.o
 .debug_info    0x0001207c      0x560 ./SDK/rtos/FreeRTOS_S32K/Source/portable/GCC/ARM_CM4F/port.o
 .debug_info    0x000125dc      0xa92 ./SDK/rtos/osif/osif_freertos.o
 .debug_info    0x0001306e     0x1ecd ./Sources/main.o

.debug_abbrev   0x00000000     0x214a
 .debug_abbrev  0x00000000       0x14 ./Project_Settings/Startup_Code/startup_S32K144.o
 .debug_abbrev  0x00000014      0x140 ./SDK/platform/devices/S32K144/startup/system_S32K144.o
 .debug_abbrev  0x00000154       0xe0 ./SDK/platform/devices/startup.o
 .debug_abbrev  0x00000234      0x422 ./SDK/platform/drivers/src/edma/edma_driver.o
 .debug_abbrev  0x00000656      0x205 ./SDK/platform/drivers/src/edma/edma_hw_access.o
 .debug_abbrev  0x0000085b      0x1b8 ./SDK/platform/drivers/src/edma/edma_irq.o
 .debug_abbrev  0x00000a13      0x431 ./SDK/platform/drivers/src/flexcan/flexcan_driver.o
 .debug_abbrev  0x00000e44      0x38a ./SDK/platform/drivers/src/flexcan/flexcan_hw_access.o
 .debug_abbrev  0x000011ce       0x6c ./SDK/platform/drivers/src/flexcan/flexcan_irq.o
 .debug_abbrev  0x0000123a      0x1d9 ./SDK/rtos/FreeRTOS_S32K/Source/list.o
 .debug_abbrev  0x00001413      0x380 ./SDK/rtos/FreeRTOS_S32K/Source/queue.o
 .debug_abbrev  0x00001793      0x3c0 ./SDK/rtos/FreeRTOS_S32K/Source/tasks.o
 .debug_abbrev  0x00001b53      0x229 ./SDK/rtos/FreeRTOS_S32K/Source/portable/GCC/ARM_CM4F/port.o
 .debug_abbrev  0x00001d7c      0x249 ./SDK/rtos/osif/osif_freertos.o
 .debug_abbrev  0x00001fc5      0x185 ./Sources/main.o

.debug_aranges  0x00000000      0x988
 .debug_aranges
                0x00000000       0x20 ./Project_Settings/Startup_Code/startup_S32K144.o
 .debug_aranges
                0x00000020       0x30 ./SDK/platform/devices/S32K144/startup/system_S32K144.o
 .debug_aranges
                0x00000050       0x20 ./SDK/platform/devices/startup.o
 .debug_aranges
                0x00000070      0x138 ./SDK/platform/drivers/src/edma/edma_driver.o
 .debug_aranges
                0x000001a8       0x88 ./SDK/platform/drivers/src/edma/edma_hw_access.o
 .debug_aranges
                0x00000230       0xa0 ./SDK/platform/drivers/src/edma/edma_irq.o
 .debug_aranges
                0x000002d0      0x170 ./SDK/platform/drivers/src/flexcan/flexcan_driver.o
 .debug_aranges
                0x00000440       0xe8 ./SDK/platform/drivers/src/flexcan/flexcan_hw_access.o
 .debug_aranges
                0x00000528       0x80 ./SDK/platform/drivers/src/flexcan/flexcan_irq.o
 .debug_aranges
                0x000005a8       0x40 ./SDK/rtos/FreeRTOS_S32K/Source/list.o
 .debug_aranges
                0x000005e8       0xf0 ./SDK/rtos/FreeRTOS_S32K/Source/queue.o
 .debug_aranges
                0x000006d8      0x1a8 ./SDK/rtos/FreeRTOS_S32K/Source/tasks.o
 .debug_aranges
                0x00000880       0x80 ./SDK/rtos/FreeRTOS_S32K/Source/portable/GCC/ARM_CM4F/port.o
 .debug_aranges
                0x00000900       0x68 ./SDK/rtos/osif/osif_freertos.o
 .debug_aranges
                0x00000968       0x20 ./Sources/main.o

.debug_str      0x00000000     0x81b6
 .debug_str     0x00000000       0x7a ./Project_Settings/Startup_Code/startup_S32K144.o
 .debug_str     0x0000007a      0x3b4 ./SDK/platform/devices/S32K144/startup/system_S32K144.o
                                0x434 (size before relaxing)
 .debug_str     0x0000042e      0x20c ./SDK/platform/devices/startup.o
                                0x423 (size before relaxing)
 .debug_str     0x0000063a     0x273f ./SDK/platform/drivers/src/edma/edma_driver.o
                               0x2a21 (size before relaxing)
 .debug_str     0x00002d79       0x46 ./SDK/platform/drivers/src/edma/edma_hw_access.o
                                0x7e5 (size before relaxing)
 .debug_str     0x00002dbf      0x162 ./SDK/platform/drivers/src/edma/edma_irq.o
                                0x4fa (size before relaxing)
 .debug_str     0x00002f21     0x1eb5 ./SDK/platform/drivers/src/flexcan/flexcan_driver.o
                               0x324a (size before relaxing)
 .debug_str     0x00004dd6      0x371 ./SDK/platform/drivers/src/flexcan/flexcan_hw_access.o
                               0x1829 (size before relaxing)
 .debug_str     0x00005147      0x17c ./SDK/platform/drivers/src/flexcan/flexcan_irq.o
                                0x3af (size before relaxing)
 .debug_str     0x000052c3      0x534 ./SDK/rtos/FreeRTOS_S32K/Source/list.o
                                0x78d (size before relaxing)
 .debug_str     0x000057f7      0x779 ./SDK/rtos/FreeRTOS_S32K/Source/queue.o
                                0xed2 (size before relaxing)
 .debug_str     0x00005f70      0xab0 ./SDK/rtos/FreeRTOS_S32K/Source/tasks.o
                               0x14e1 (size before relaxing)
 .debug_str     0x00006a20      0x186 ./SDK/rtos/FreeRTOS_S32K/Source/portable/GCC/ARM_CM4F/port.o
                                0x4dd (size before relaxing)
 .debug_str     0x00006ba6      0x158 ./SDK/rtos/osif/osif_freertos.o
                                0xde5 (size before relaxing)
 .debug_str     0x00006cfe     0x14b8 ./Sources/main.o
                               0x3313 (size before relaxing)

.debug_loc      0x00000000     0xb600
 .debug_loc     0x00000000       0xeb ./SDK/platform/devices/S32K144/startup/system_S32K144.o
 .debug_loc     0x000000eb       0xec ./SDK/platform/devices/startup.o
 .debug_loc     0x000001d7     0x28bf ./SDK/platform/drivers/src/edma/edma_driver.o
 .debug_loc     0x00002a96      0x6fa ./SDK/platform/drivers/src/edma/edma_hw_access.o
 .debug_loc     0x00003190       0x50 ./SDK/platform/drivers/src/edma/edma_irq.o
 .debug_loc     0x000031e0     0x3369 ./SDK/platform/drivers/src/flexcan/flexcan_driver.o
 .debug_loc     0x00006549     0x1b61 ./SDK/platform/drivers/src/flexcan/flexcan_hw_access.o
 .debug_loc     0x000080aa       0x65 ./SDK/rtos/FreeRTOS_S32K/Source/list.o
 .debug_loc     0x0000810f     0x12e6 ./SDK/rtos/FreeRTOS_S32K/Source/queue.o
 .debug_loc     0x000093f5     0x1c19 ./SDK/rtos/FreeRTOS_S32K/Source/tasks.o
 .debug_loc     0x0000b00e       0xdc ./SDK/rtos/FreeRTOS_S32K/Source/portable/GCC/ARM_CM4F/port.o
 .debug_loc     0x0000b0ea      0x516 ./SDK/rtos/osif/osif_freertos.o

.debug_ranges   0x00000000      0xc80
 .debug_ranges  0x00000000       0x20 ./SDK/platform/devices/S32K144/startup/system_S32K144.o
 .debug_ranges  0x00000020       0x10 ./SDK/platform/devices/startup.o
 .debug_ranges  0x00000030      0x158 ./SDK/platform/drivers/src/edma/edma_driver.o
 .debug_ranges  0x00000188       0x90 ./SDK/platform/drivers/src/edma/edma_hw_access.o
 .debug_ranges  0x00000218       0x90 ./SDK/platform/drivers/src/edma/edma_irq.o
 .debug_ranges  0x000002a8      0x278 ./SDK/platform/drivers/src/flexcan/flexcan_driver.o
 .debug_ranges  0x00000520      0x110 ./SDK/platform/drivers/src/flexcan/flexcan_hw_access.o
 .debug_ranges  0x00000630       0x70 ./SDK/platform/drivers/src/flexcan/flexcan_irq.o
 .debug_ranges  0x000006a0       0x30 ./SDK/rtos/FreeRTOS_S32K/Source/list.o
 .debug_ranges  0x000006d0      0x248 ./SDK/rtos/FreeRTOS_S32K/Source/queue.o
 .debug_ranges  0x00000918      0x260 ./SDK/rtos/FreeRTOS_S32K/Source/tasks.o
 .debug_ranges  0x00000b78       0x70 ./SDK/rtos/FreeRTOS_S32K/Source/portable/GCC/ARM_CM4F/port.o
 .debug_ranges  0x00000be8       0x88 ./SDK/rtos/osif/osif_freertos.o
 .debug_ranges  0x00000c70       0x10 ./Sources/main.o

.comment        0x00000000       0xa0
 .comment       0x00000000       0xa0 ./SDK/platform/devices/S32K144/startup/system_S32K144.o
                                 0xa1 (size before relaxing)
 .comment       0x000000a0       0xa1 ./SDK/platform/devices/startup.o
 .comment       0x000000a0       0xa1 ./SDK/platform/drivers/src/edma/edma_driver.o
 .comment       0x000000a0       0xa1 ./SDK/platform/drivers/src/edma/edma_hw_access.o
 .comment       0x000000a0       0xa1 ./SDK/platform/drivers/src/edma/edma_irq.o
 .comment       0x000000a0       0xa1 ./SDK/platform/drivers/src/flexcan/flexcan_driver.o
 .comment       0x000000a0       0xa1 ./SDK/platform/drivers/src/flexcan/flexcan_hw_access.o
 .comment       0x000000a0       0xa1 ./SDK/platform/drivers/src/flexcan/flexcan_irq.o
 .comment       0x000000a0       0xa1 ./SDK/rtos/FreeRTOS_S32K/Source/list.o
 .comment       0x000000a0       0xa1 ./SDK/rtos/FreeRTOS_S32K/Source/queue.o
 .comment       0x000000a0       0xa1 ./SDK/rtos/FreeRTOS_S32K/Source/tasks.o
 .comment       0x000000a0       0xa1 ./SDK/rtos/FreeRTOS_S32K/Source/portable/GCC/ARM_CM4F/port.o
 .comment       0x000000a0       0xa1 ./SDK/rtos/osif/osif_freertos.o
 .comment       0x000000a0       0xa1 ./Sources/main.o

.debug_frame    0x00000000     0x1ae8
 .debug_frame   0x00000000       0x40 ./SDK/platform/devices/S32K144/startup/system_S32K144.o
 .debug_frame   0x00000040       0x2c ./SDK/platform/devices/startup.o
 .debug_frame   0x0000006c      0x388 ./SDK/platform/drivers/src/edma/edma_driver.o
 .debug_frame   0x000003f4      0x144 ./SDK/platform/drivers/src/edma/edma_hw_access.o
 .debug_frame   0x00000538      0x1ac ./SDK/platform/drivers/src/edma/edma_irq.o
 .debug_frame   0x000006e4      0x4d8 ./SDK/platform/drivers/src/flexcan/flexcan_driver.o
 .debug_frame   0x00000bbc      0x274 ./SDK/platform/drivers/src/flexcan/flexcan_hw_access.o
 .debug_frame   0x00000e30      0x148 ./SDK/platform/drivers/src/flexcan/flexcan_irq.o
 .debug_frame   0x00000f78       0x6c ./SDK/rtos/FreeRTOS_S32K/Source/list.o
 .debug_frame   0x00000fe4      0x338 ./SDK/rtos/FreeRTOS_S32K/Source/queue.o
 .debug_frame   0x0000131c      0x550 ./SDK/rtos/FreeRTOS_S32K/Source/tasks.o
 .debug_frame   0x0000186c      0x100 ./SDK/rtos/FreeRTOS_S32K/Source/portable/GCC/ARM_CM4F/port.o
 .debug_frame   0x0000196c      0x134 ./SDK/rtos/osif/osif_freertos.o
 .debug_frame   0x00001aa0       0x20 ./Sources/main.o
 .debug_frame   0x00001ac0       0x28 C:/NXP/S32DS_ARM_v2.2/S32DS/build_tools/gcc_v6.3/gcc-6.3-arm32-eabi/arm-none-eabi/newlib/lib/thumb/v7e-m/fpv4-sp/hard\libc_nano.a(lib_a-memcpy-stub.o)
